[    0.000000] Linux version 4.9.0AZACCARI+ (root@debian) (gcc version 6.3.0 20170516 (Debian 6.3.0-18+deb9u1) ) #3 SMP Fri Feb 28 15:52:30 EST 2020
[    0.000000] Command line: BOOT_IMAGE=/boot/vmlinuz-4.9.0AZACCARI+ root=UUID=30123817-340a-432f-8c36-45b7363012cb ro quiet console=tty0 console=ttyS0
[    0.000000] Hello World from Angelina Zaccaria (10419577)
[    0.000000] x86/fpu: Supporting XSAVE feature 0x001: 'x87 floating point registers'
[    0.000000] x86/fpu: Supporting XSAVE feature 0x002: 'SSE registers'
[    0.000000] x86/fpu: Supporting XSAVE feature 0x004: 'AVX registers'
[    0.000000] x86/fpu: xstate_offset[2]:  576, xstate_sizes[2]:  256
[    0.000000] x86/fpu: Enabled xstate features 0x7, context size is 832 bytes, using 'standard' format.
[    0.000000] x86/fpu: Using 'eager' FPU context switches.
[    0.000000] e820: BIOS-provided physical RAM map:
[    0.000000] BIOS-e820: [mem 0x0000000000000000-0x000000000009fbff] usable
[    0.000000] BIOS-e820: [mem 0x000000000009fc00-0x000000000009ffff] reserved
[    0.000000] BIOS-e820: [mem 0x00000000000f0000-0x00000000000fffff] reserved
[    0.000000] BIOS-e820: [mem 0x0000000000100000-0x000000007ffeffff] usable
[    0.000000] BIOS-e820: [mem 0x000000007fff0000-0x000000007fffffff] ACPI data
[    0.000000] BIOS-e820: [mem 0x00000000fec00000-0x00000000fec00fff] reserved
[    0.000000] BIOS-e820: [mem 0x00000000fee00000-0x00000000fee00fff] reserved
[    0.000000] BIOS-e820: [mem 0x00000000fffc0000-0x00000000ffffffff] reserved
[    0.000000] NX (Execute Disable) protection: active
[    0.000000] SMBIOS 2.5 present.
[    0.000000] DMI: innotek GmbH VirtualBox/VirtualBox, BIOS VirtualBox 12/01/2006
[    0.000000] e820: update [mem 0x00000000-0x00000fff] usable ==> reserved
[    0.000000] e820: remove [mem 0x000a0000-0x000fffff] usable
[    0.000000] e820: last_pfn = 0x7fff0 max_arch_pfn = 0x400000000
[    0.000000] MTRR default type: uncachable
[    0.000000] MTRR variable ranges disabled:
[    0.000000] MTRR: Disabled
[    0.000000] x86/PAT: MTRRs disabled, skipping PAT initialization too.
[    0.000000] x86/PAT: Configuration [0-7]: WB  WT  UC- UC  WB  WT  UC- UC  
[    0.000000] CPU MTRRs all blank - virtualized system.
[    0.000000] found SMP MP-table at [mem 0x0009fff0-0x0009ffff] mapped at [ffff88000009fff0]
[    0.000000] Scanning 1 areas for low memory corruption
[    0.000000] Base memory trampoline at [ffff880000099000] 99000 size 24576
[    0.000000] BRK [0x02127000, 0x02127fff] PGTABLE
[    0.000000] BRK [0x02128000, 0x02128fff] PGTABLE
[    0.000000] BRK [0x02129000, 0x02129fff] PGTABLE
[    0.000000] BRK [0x0212a000, 0x0212afff] PGTABLE
[    0.000000] BRK [0x0212b000, 0x0212bfff] PGTABLE
[    0.000000] RAMDISK: [mem 0x378b1000-0x37c4ffff]
[    0.000000] ACPI: Early table checksum verification disabled
[    0.000000] ACPI: RSDP 0x00000000000E0000 000024 (v02 VBOX  )
[    0.000000] ACPI: XSDT 0x000000007FFF0030 00003C (v01 VBOX   VBOXXSDT 00000001 ASL  00000061)
[    0.000000] ACPI: FACP 0x000000007FFF00F0 0000F4 (v04 VBOX   VBOXFACP 00000001 ASL  00000061)
[    0.000000] ACPI: DSDT 0x000000007FFF0470 002325 (v02 VBOX   VBOXBIOS 00000002 INTL 20100528)
[    0.000000] ACPI: FACS 0x000000007FFF0200 000040
[    0.000000] ACPI: FACS 0x000000007FFF0200 000040
[    0.000000] ACPI: APIC 0x000000007FFF0240 00005C (v02 VBOX   VBOXAPIC 00000001 ASL  00000061)
[    0.000000] ACPI: SSDT 0x000000007FFF02A0 0001CC (v01 VBOX   VBOXCPUT 00000002 INTL 20100528)
[    0.000000] ACPI: Local APIC address 0xfee00000
[    0.000000] No NUMA configuration found
[    0.000000] Faking a node at [mem 0x0000000000000000-0x000000007ffeffff]
[    0.000000] NODE_DATA(0) allocated [mem 0x7ffec000-0x7ffeffff]
[    0.000000] Zone ranges:
[    0.000000]   DMA      [mem 0x0000000000001000-0x0000000000ffffff]
[    0.000000]   DMA32    [mem 0x0000000001000000-0x000000007ffeffff]
[    0.000000]   Normal   empty
[    0.000000] Movable zone start for each node
[    0.000000] Early memory node ranges
[    0.000000]   node   0: [mem 0x0000000000001000-0x000000000009efff]
[    0.000000]   node   0: [mem 0x0000000000100000-0x000000007ffeffff]
[    0.000000] Initmem setup node 0 [mem 0x0000000000001000-0x000000007ffeffff]
[    0.000000] On node 0 totalpages: 524174
[    0.000000]   DMA zone: 64 pages used for memmap
[    0.000000]   DMA zone: 21 pages reserved
[    0.000000]   DMA zone: 3998 pages, LIFO batch:0
[    0.000000]   DMA32 zone: 8128 pages used for memmap
[    0.000000]   DMA32 zone: 520176 pages, LIFO batch:31
[    0.000000] ACPI: PM-Timer IO Port: 0x4008
[    0.000000] ACPI: Local APIC address 0xfee00000
[    0.000000] IOAPIC[0]: apic_id 2, version 32, address 0xfec00000, GSI 0-23
[    0.000000] ACPI: INT_SRC_OVR (bus 0 bus_irq 0 global_irq 2 dfl dfl)
[    0.000000] ACPI: INT_SRC_OVR (bus 0 bus_irq 9 global_irq 9 low level)
[    0.000000] ACPI: IRQ0 used by override.
[    0.000000] ACPI: IRQ9 used by override.
[    0.000000] Using ACPI (MADT) for SMP configuration information
[    0.000000] smpboot: Allowing 2 CPUs, 0 hotplug CPUs
[    0.000000] PM: Registered nosave memory: [mem 0x00000000-0x00000fff]
[    0.000000] PM: Registered nosave memory: [mem 0x0009f000-0x0009ffff]
[    0.000000] PM: Registered nosave memory: [mem 0x000a0000-0x000effff]
[    0.000000] PM: Registered nosave memory: [mem 0x000f0000-0x000fffff]
[    0.000000] e820: [mem 0x80000000-0xfebfffff] available for PCI devices
[    0.000000] clocksource: refined-jiffies: mask: 0xffffffff max_cycles: 0xffffffff, max_idle_ns: 1910969940391419 ns
[    0.000000] setup_percpu: NR_CPUS:64 nr_cpumask_bits:64 nr_cpu_ids:2 nr_node_ids:1
[    0.000000] percpu: Embedded 34 pages/cpu @ffff88007fc00000 s100632 r8192 d30440 u1048576
[    0.000000] pcpu-alloc: s100632 r8192 d30440 u1048576 alloc=1*2097152
[    0.000000] pcpu-alloc: [0] 0 1 
[    0.000000] Built 1 zonelists in Node order, mobility grouping on.  Total pages: 515961
[    0.000000] Policy zone: DMA32
[    0.000000] Kernel command line: BOOT_IMAGE=/boot/vmlinuz-4.9.0AZACCARI+ root=UUID=30123817-340a-432f-8c36-45b7363012cb ro quiet console=tty0 console=ttyS0
[    0.000000] PID hash table entries: 4096 (order: 3, 32768 bytes)
[    0.000000] Calgary: detecting Calgary via BIOS EBDA area
[    0.000000] Calgary: Unable to locate Rio Grande table in EBDA - bailing!
[    0.000000] Memory: 2042200K/2096696K available (9206K kernel code, 1226K rwdata, 2808K rodata, 1152K init, 800K bss, 54496K reserved, 0K cma-reserved)
[    0.000000] SLUB: HWalign=64, Order=0-3, MinObjects=0, CPUs=2, Nodes=1
[    0.000000] Hierarchical RCU implementation.
[    0.000000] 	Build-time adjustment of leaf fanout to 64.
[    0.000000] 	RCU restricting CPUs from NR_CPUS=64 to nr_cpu_ids=2.
[    0.000000] RCU: Adjusting geometry for rcu_fanout_leaf=64, nr_cpu_ids=2
[    0.000000] NR_IRQS:4352 nr_irqs:440 16
[    0.000000] Console: colour VGA+ 80x25
[    0.000000] console [tty0] enabled
[    0.000000] console [ttyS0] enabled
[    0.000000] tsc: Fast TSC calibration failed
[    0.000000] tsc: Unable to calibrate against PIT
[    0.000000] tsc: using PMTIMER reference calibration
[    0.000000] tsc: Detected 2200.002 MHz processor
[    0.000065] Calibrating delay loop (skipped), value calculated using timer frequency.. 4400.00 BogoMIPS (lpj=2200002)
[    0.000068] pid_max: default: 32768 minimum: 301
[    0.000078] ACPI: Core revision 20160831
[    0.000715] ACPI: 2 ACPI AML tables successfully acquired and loaded
[    0.000732] Security Framework initialized
[    0.000735] SELinux:  Initializing.
[    0.000742] SELinux:  Starting in permissive mode
[    0.001103] Dentry cache hash table entries: 262144 (order: 9, 2097152 bytes)
[    0.001412] Inode-cache hash table entries: 131072 (order: 8, 1048576 bytes)
[    0.001601] Mount-cache hash table entries: 4096 (order: 3, 32768 bytes)
[    0.001607] Mountpoint-cache hash table entries: 4096 (order: 3, 32768 bytes)
[    0.001886] CPU: Physical Processor ID: 0
[    0.001929] CPU: Processor Core ID: 0
[    0.001943] mce: CPU supports 0 MCE banks
[    0.001968] Last level iTLB entries: 4KB 64, 2MB 8, 4MB 8
[    0.001969] Last level dTLB entries: 4KB 64, 2MB 0, 4MB 0, 1GB 4
[    0.003886] Freeing SMP alternatives memory: 36K (ffffffff82054000 - ffffffff8205d000)
[    0.004453] smpboot: APIC(0) Converting physical 0 to logical package 0
[    0.004455] smpboot: Max logical packages: 1
[    0.006233] ..TIMER: vector=0x30 apic1=0 pin1=2 apic2=-1 pin2=-1
[    0.118557] smpboot: CPU0: Intel(R) Core(TM) i7-5650U CPU @ 2.20GHz (family: 0x6, model: 0x3d, stepping: 0x4)
[    0.118618] Performance Events: unsupported p6 CPU model 61 no PMU driver, software events only.
[    0.119499] x86: Booting SMP configuration:
[    0.119501] .... node  #0, CPUs:      #1
[    0.119868] mce: CPU supports 0 MCE banks
[    0.181726] x86: Booted up 1 node, 2 CPUs
[    0.181731] smpboot: Total of 2 processors activated (8808.71 BogoMIPS)
[    0.182382] devtmpfs: initialized
[    0.182956] clocksource: jiffies: mask: 0xffffffff max_cycles: 0xffffffff, max_idle_ns: 1911260446275000 ns
[    0.183000] kworker/u4:0 (20) used greatest stack depth: 14872 bytes left
[    0.183010] RTC time: 20:53:05, date: 02/28/20
[    0.183081] NET: Registered protocol family 16
[    0.185751] cpuidle: using governor menu
[    0.185833] ACPI: bus type PCI registered
[    0.186024] PCI: Using configuration type 1 for base access
[    0.191086] kworker/u4:1 (225) used greatest stack depth: 14624 bytes left
[    0.191759] kworker/u4:1 (196) used greatest stack depth: 14128 bytes left
[    0.192011] kworker/u4:1 (138) used greatest stack depth: 14088 bytes left
[    0.195169] HugeTLB registered 2 MB page size, pre-allocated 0 pages
[    0.195481] ACPI: Added _OSI(Module Device)
[    0.195483] ACPI: Added _OSI(Processor Device)
[    0.195485] ACPI: Added _OSI(3.0 _SCP Extensions)
[    0.195486] ACPI: Added _OSI(Processor Aggregator Device)
[    0.196004] ACPI: Executed 1 blocks of module-level executable AML code
[    0.197830] ACPI: Interpreter enabled
[    0.197838] ACPI: (supports S0 S5)
[    0.197840] ACPI: Using IOAPIC for interrupt routing
[    0.197968] PCI: Using host bridge windows from ACPI; if necessary, use "pci=nocrs" and report a bug
[    0.202985] ACPI: PCI Root Bridge [PCI0] (domain 0000 [bus 00-ff])
[    0.202990] acpi PNP0A03:00: _OSC: OS supports [ASPM ClockPM Segments MSI]
[    0.203200] acpi PNP0A03:00: _OSC: not requesting OS control; OS requires [ExtendedConfig ASPM ClockPM MSI]
[    0.203206] acpi PNP0A03:00: fail to add MMCONFIG information, can't access extended PCI configuration space under this bridge.
[    0.203329] PCI host bridge to bus 0000:00
[    0.203332] pci_bus 0000:00: root bus resource [io  0x0000-0x0cf7 window]
[    0.203334] pci_bus 0000:00: root bus resource [io  0x0d00-0xffff window]
[    0.203336] pci_bus 0000:00: root bus resource [mem 0x000a0000-0x000bffff window]
[    0.203338] pci_bus 0000:00: root bus resource [mem 0x80000000-0xfdffffff window]
[    0.203340] pci_bus 0000:00: root bus resource [bus 00-ff]
[    0.203436] pci 0000:00:00.0: [8086:1237] type 00 class 0x060000
[    0.204400] pci 0000:00:01.0: [8086:7000] type 00 class 0x060100
[    0.205539] pci 0000:00:01.1: [8086:7111] type 00 class 0x01018a
[    0.206116] pci 0000:00:01.1: reg 0x20: [io  0xd000-0xd00f]
[    0.206352] pci 0000:00:01.1: legacy IDE quirk: reg 0x10: [io  0x01f0-0x01f7]
[    0.206354] pci 0000:00:01.1: legacy IDE quirk: reg 0x14: [io  0x03f6]
[    0.206355] pci 0000:00:01.1: legacy IDE quirk: reg 0x18: [io  0x0170-0x0177]
[    0.206357] pci 0000:00:01.1: legacy IDE quirk: reg 0x1c: [io  0x0376]
[    0.206753] pci 0000:00:02.0: [80ee:beef] type 00 class 0x030000
[    0.208131] pci 0000:00:02.0: reg 0x10: [mem 0xe0000000-0xe1ffffff pref]
[    0.219803] pci 0000:00:03.0: [8086:100e] type 00 class 0x020000
[    0.222158] pci 0000:00:03.0: reg 0x10: [mem 0xf0000000-0xf001ffff]
[    0.225805] pci 0000:00:03.0: reg 0x18: [io  0xd010-0xd017]
[    0.234372] pci 0000:00:04.0: [80ee:cafe] type 00 class 0x088000
[    0.235717] pci 0000:00:04.0: reg 0x10: [io  0xd020-0xd03f]
[    0.237834] pci 0000:00:04.0: reg 0x14: [mem 0xf0400000-0xf07fffff]
[    0.239256] pci 0000:00:04.0: reg 0x18: [mem 0xf0800000-0xf0803fff pref]
[    0.246393] pci 0000:00:05.0: [8086:2415] type 00 class 0x040100
[    0.246651] pci 0000:00:05.0: reg 0x10: [io  0xd100-0xd1ff]
[    0.246787] pci 0000:00:05.0: reg 0x14: [io  0xd200-0xd23f]
[    0.247733] pci 0000:00:06.0: [106b:003f] type 00 class 0x0c0310
[    0.248901] pci 0000:00:06.0: reg 0x10: [mem 0xf0804000-0xf0804fff]
[    0.261322] pci 0000:00:07.0: [8086:7113] type 00 class 0x068000
[    0.262954] pci 0000:00:07.0: quirk: [io  0x4000-0x403f] claimed by PIIX4 ACPI
[    0.262972] pci 0000:00:07.0: quirk: [io  0x4100-0x410f] claimed by PIIX4 SMB
[    0.263625] pci 0000:00:0d.0: [8086:2829] type 00 class 0x010601
[    0.265809] pci 0000:00:0d.0: reg 0x10: [io  0xd240-0xd247]
[    0.266906] pci 0000:00:0d.0: reg 0x14: [io  0xd248-0xd24b]
[    0.267910] pci 0000:00:0d.0: reg 0x18: [io  0xd250-0xd257]
[    0.269550] pci 0000:00:0d.0: reg 0x1c: [io  0xd258-0xd25b]
[    0.270897] pci 0000:00:0d.0: reg 0x20: [io  0xd260-0xd26f]
[    0.271910] pci 0000:00:0d.0: reg 0x24: [mem 0xf0806000-0xf0807fff]
[    0.275102] ACPI: PCI Interrupt Link [LNKA] (IRQs 5 9 10 *11)
[    0.275364] ACPI: PCI Interrupt Link [LNKB] (IRQs 5 9 *10 11)
[    0.275473] ACPI: PCI Interrupt Link [LNKC] (IRQs 5 *9 10 11)
[    0.275570] ACPI: PCI Interrupt Link [LNKD] (IRQs 5 9 10 *11)
[    0.275994] ACPI: Enabled 2 GPEs in block 00 to 07
[    0.276277] vgaarb: setting as boot device: PCI:0000:00:02.0
[    0.276279] vgaarb: device added: PCI:0000:00:02.0,decodes=io+mem,owns=io+mem,locks=none
[    0.276282] vgaarb: loaded
[    0.276284] vgaarb: bridge control possible 0000:00:02.0
[    0.276381] SCSI subsystem initialized
[    0.276603] libata version 3.00 loaded.
[    0.276650] ACPI: bus type USB registered
[    0.276669] usbcore: registered new interface driver usbfs
[    0.276677] usbcore: registered new interface driver hub
[    0.276701] usbcore: registered new device driver usb
[    0.276720] pps_core: LinuxPPS API ver. 1 registered
[    0.276722] pps_core: Software ver. 5.3.6 - Copyright 2005-2007 Rodolfo Giometti <giometti@linux.it>
[    0.276726] PTP clock support registered
[    0.276885] Advanced Linux Sound Architecture Driver Initialized.
[    0.276898] PCI: Using ACPI for IRQ routing
[    0.276900] PCI: pci_cache_line_size set to 64 bytes
[    0.277379] e820: reserve RAM buffer [mem 0x0009fc00-0x0009ffff]
[    0.277384] e820: reserve RAM buffer [mem 0x7fff0000-0x7fffffff]
[    0.277954] NetLabel: Initializing
[    0.277957] NetLabel:  domain hash size = 128
[    0.277958] NetLabel:  protocols = UNLABELED CIPSOv4
[    0.277973] NetLabel:  unlabeled traffic allowed by default
[    0.278212] clocksource: Switched to clocksource refined-jiffies
[    0.284927] VFS: Disk quotas dquot_6.6.0
[    0.284940] VFS: Dquot-cache hash table entries: 512 (order 0, 4096 bytes)
[    0.285034] pnp: PnP ACPI init
[    0.285092] pnp 00:00: Plug and Play ACPI device, IDs PNP0303 (active)
[    0.285179] pnp 00:01: Plug and Play ACPI device, IDs PNP0f03 (active)
[    0.285579] pnp 00:02: Plug and Play ACPI device, IDs PNP0501 (active)
[    0.286435] pnp: PnP ACPI: found 3 devices
[    0.306460] clocksource: acpi_pm: mask: 0xffffff max_cycles: 0xffffff, max_idle_ns: 2085701024 ns
[    0.306756] clocksource: Switched to clocksource acpi_pm
[    0.306769] pci_bus 0000:00: resource 4 [io  0x0000-0x0cf7 window]
[    0.306773] pci_bus 0000:00: resource 5 [io  0x0d00-0xffff window]
[    0.306776] pci_bus 0000:00: resource 6 [mem 0x000a0000-0x000bffff window]
[    0.306779] pci_bus 0000:00: resource 7 [mem 0x80000000-0xfdffffff window]
[    0.306832] NET: Registered protocol family 2
[    0.307007] TCP established hash table entries: 16384 (order: 5, 131072 bytes)
[    0.307041] TCP bind hash table entries: 16384 (order: 6, 262144 bytes)
[    0.307075] TCP: Hash tables configured (established 16384 bind 16384)
[    0.307101] UDP hash table entries: 1024 (order: 3, 32768 bytes)
[    0.307110] UDP-Lite hash table entries: 1024 (order: 3, 32768 bytes)
[    0.307140] NET: Registered protocol family 1
[    0.307495] RPC: Registered named UNIX socket transport module.
[    0.307498] RPC: Registered udp transport module.
[    0.307500] RPC: Registered tcp transport module.
[    0.307503] RPC: Registered tcp NFSv4.1 backchannel transport module.
[    0.307510] pci 0000:00:00.0: Limiting direct PCI/PCI transfers
[    0.307680] pci 0000:00:01.0: Activating ISA DMA hang workarounds
[    0.307897] pci 0000:00:02.0: Video device with shadowed ROM at [mem 0x000c0000-0x000dffff]
[    0.309420] PCI: CLS 0 bytes, default 64
[    0.309487] Unpacking initramfs...
[    0.354957] Freeing initrd memory: 3708K (ffff8800378b1000 - ffff880037c50000)
[    0.355168] RAPL PMU: API unit is 2^-32 Joules, 4 fixed counters, 10737418240 ms ovfl timer
[    0.355170] RAPL PMU: hw unit of domain pp0-core 2^-0 Joules
[    0.355172] RAPL PMU: hw unit of domain package 2^-0 Joules
[    0.355174] RAPL PMU: hw unit of domain dram 2^-0 Joules
[    0.355183] RAPL PMU: hw unit of domain pp1-gpu 2^-0 Joules
[    0.355248] platform rtc_cmos: registered platform RTC device (no PNP device found)
[    0.355878] Scanning for low memory corruption every 60 seconds
[    0.356083] futex hash table entries: 512 (order: 3, 32768 bytes)
[    0.356096] audit: initializing netlink subsys (disabled)
[    0.356106] audit: type=2000 audit(1582923185.253:1): initialized
[    0.356395] workingset: timestamp_bits=56 max_order=19 bucket_order=0
[    0.358874] NFS: Registering the id_resolver key type
[    0.358881] Key type id_resolver registered
[    0.358883] Key type id_legacy registered
[    0.359104] SELinux:  Registering netfilter hooks
[    0.367688] Block layer SCSI generic (bsg) driver version 0.4 loaded (major 251)
[    0.367691] io scheduler noop registered
[    0.367692] io scheduler deadline registered
[    0.367698] io scheduler cfq registered (default)
[    0.367754] pci_hotplug: PCI Hot Plug PCI Core version: 0.5
[    0.368125] ACPI: AC Adapter [AC] (on-line)
[    0.368195] input: Power Button as /devices/LNXSYSTM:00/LNXPWRBN:00/input/input0
[    0.368198] ACPI: Power Button [PWRF]
[    0.368302] input: Sleep Button as /devices/LNXSYSTM:00/LNXSLPBN:00/input/input1
[    0.368304] ACPI: Sleep Button [SLPF]
[    0.368418] ACPI: Video Device [GFX0] (multi-head: yes  rom: no  post: no)
[    0.368473] input: Video Bus as /devices/LNXSYSTM:00/LNXSYBUS:00/PNP0A03:00/LNXVIDEO:00/input/input2
[    0.368652] Serial: 8250/16550 driver, 4 ports, IRQ sharing enabled
[    0.369203] ACPI: Battery Slot [BAT0] (battery present)
[    0.389415] 00:02: ttyS0 at I/O 0x3f8 (irq = 4, base_baud = 115200) is a 16550A
[    0.390950] Non-volatile memory driver v1.3
[    0.391076] Linux agpgart interface v0.103
[    0.391171] [drm] Initialized
[    0.394333] loop: module loaded
[    0.394391] ahci 0000:00:0d.0: version 3.0
[    0.394905] ahci 0000:00:0d.0: SSS flag set, parallel bus scan disabled
[    0.395085] ahci 0000:00:0d.0: AHCI 0001.0100 32 slots 1 ports 3 Gbps 0x1 impl SATA mode
[    0.395089] ahci 0000:00:0d.0: flags: 64bit ncq stag only ccc 
[    0.395531] scsi host0: ahci
[    0.395591] ata1: SATA max UDMA/133 abar m8192@0xf0806000 port 0xf0806100 irq 21
[    0.395612] ata_piix 0000:00:01.1: version 2.13
[    0.396125] scsi host1: ata_piix
[    0.396212] scsi host2: ata_piix
[    0.396245] ata2: PATA max UDMA/33 cmd 0x1f0 ctl 0x3f6 bmdma 0xd000 irq 14
[    0.396247] ata3: PATA max UDMA/33 cmd 0x170 ctl 0x376 bmdma 0xd008 irq 15
[    0.396320] e100: Intel(R) PRO/100 Network Driver, 3.5.24-k2-NAPI
[    0.396322] e100: Copyright(c) 1999-2006 Intel Corporation
[    0.396333] e1000: Intel(R) PRO/1000 Network Driver - version 7.3.21-k8-NAPI
[    0.396334] e1000: Copyright (c) 1999-2006 Intel Corporation.
[    0.564512] ata3.00: ATAPI: VBOX CD-ROM, 1.0, max UDMA/133
[    0.564980] ata3.00: configured for UDMA/33
[    0.708509] ata1: SATA link up 3.0 Gbps (SStatus 123 SControl 300)
[    0.708634] ata1.00: ATA-6: VBOX HARDDISK, 1.0, max UDMA/133
[    0.708637] ata1.00: 50331648 sectors, multi 128: LBA48 NCQ (depth 31/32)
[    0.708830] ata1.00: configured for UDMA/133
[    0.708998] scsi 0:0:0:0: Direct-Access     ATA      VBOX HARDDISK    1.0  PQ: 0 ANSI: 5
[    0.796360] sd 0:0:0:0: [sda] 50331648 512-byte logical blocks: (25.8 GB/24.0 GiB)
[    0.796529] sd 0:0:0:0: [sda] Write Protect is off
[    0.796534] sd 0:0:0:0: [sda] Mode Sense: 00 3a 00 00
[    0.796575] sd 0:0:0:0: [sda] Write cache: enabled, read cache: enabled, doesn't support DPO or FUA
[    0.796734] sd 0:0:0:0: Attached scsi generic sg0 type 0
[    0.797577] scsi 2:0:0:0: CD-ROM            VBOX     CD-ROM           1.0  PQ: 0 ANSI: 5
[    0.800730]  sda: sda1 sda2 < sda5 >
[    0.801362] sd 0:0:0:0: [sda] Attached SCSI disk
[    0.809879] sr 2:0:0:0: [sr0] scsi3-mmc drive: 32x/32x xa/form2 tray
[    0.809894] cdrom: Uniform CD-ROM driver Revision: 3.20
[    0.810171] sr 2:0:0:0: Attached scsi CD-ROM sr0
[    0.810644] sr 2:0:0:0: Attached scsi generic sg1 type 5
[    0.823358] e1000 0000:00:03.0 eth0: (PCI:33MHz:32-bit) 08:00:27:e8:1d:f9
[    0.823364] e1000 0000:00:03.0 eth0: Intel(R) PRO/1000 Network Connection
[    0.823387] e1000e: Intel(R) PRO/1000 Network Driver - 3.2.6-k
[    0.823389] e1000e: Copyright(c) 1999 - 2015 Intel Corporation.
[    0.823401] sky2: driver version 1.30
[    0.823556] ehci_hcd: USB 2.0 'Enhanced' Host Controller (EHCI) Driver
[    0.823557] ehci-pci: EHCI PCI platform driver
[    0.823570] ohci_hcd: USB 1.1 'Open' Host Controller (OHCI) Driver
[    0.823574] ohci-pci: OHCI PCI platform driver
[    0.824230] ohci-pci 0000:00:06.0: OHCI PCI host controller
[    0.824436] ohci-pci 0000:00:06.0: new USB bus registered, assigned bus number 1
[    0.824494] ohci-pci 0000:00:06.0: irq 22, io mem 0xf0804000
[    0.876694] usb usb1: New USB device found, idVendor=1d6b, idProduct=0001
[    0.876700] usb usb1: New USB device strings: Mfr=3, Product=2, SerialNumber=1
[    0.876705] usb usb1: Product: OHCI PCI host controller
[    0.876709] usb usb1: Manufacturer: Linux 4.9.0AZACCARI+ ohci_hcd
[    0.876714] usb usb1: SerialNumber: 0000:00:06.0
[    0.877630] hub 1-0:1.0: USB hub found
[    0.877678] hub 1-0:1.0: 12 ports detected
[    0.878921] uhci_hcd: USB Universal Host Controller Interface driver
[    0.878983] usbcore: registered new interface driver usblp
[    0.879016] usbcore: registered new interface driver usb-storage
[    0.879060] i8042: PNP: PS/2 Controller [PNP0303:PS2K,PNP0f03:PS2M] at 0x60,0x64 irq 1,12
[    0.879757] serio: i8042 KBD port at 0x60,0x64 irq 1
[    0.879910] serio: i8042 AUX port at 0x60,0x64 irq 12
[    0.880283] mousedev: PS/2 mouse device common for all mice
[    0.881834] rtc_cmos rtc_cmos: rtc core: registered rtc_cmos as rtc0
[    0.881901] rtc_cmos rtc_cmos: alarms up to one day, 114 bytes nvram
[    0.882571] device-mapper: ioctl: 4.35.0-ioctl (2016-06-23) initialised: dm-devel@redhat.com
[    0.882595] hidraw: raw HID events driver (C) Jiri Kosina
[    0.882842] usbcore: registered new interface driver usbhid
[    0.882844] usbhid: USB HID core driver
[    0.883122] input: AT Translated Set 2 keyboard as /devices/platform/i8042/serio0/input/input3
[    0.884372] Netfilter messages via NETLINK v0.30.
[    0.884430] nf_conntrack version 0.5.0 (16384 buckets, 65536 max)
[    0.884478] ctnetlink v0.93: registering with nfnetlink.
[    0.884898] ip_tables: (C) 2000-2006 Netfilter Core Team
[    0.884909] Initializing XFRM netlink socket
[    0.885020] NET: Registered protocol family 10
[    0.885403] ip6_tables: (C) 2000-2006 Netfilter Core Team
[    0.885855] sit: IPv6, IPv4 and MPLS over IPv4 tunneling driver
[    0.885981] NET: Registered protocol family 17
[    0.885998] Key type dns_resolver registered
[    0.886248] microcode: sig=0x306d4, pf=0x40, revision=0x0
[    0.886415] microcode: Microcode Update Driver: v2.01 <tigran@aivazian.fsnet.co.uk>, Peter Oruba
[    0.886978] registered taskstats version 1
[    0.887367]   Magic number: 8:541:903
[    0.887397] acpi PNP0501:03: hash matches
[    0.887431] console [netcon0] enabled
[    0.887432] netconsole: network logging started
[    0.887486] PM: Hibernation image not present or could not be loaded.
[    0.887487] ALSA device list:
[    0.887489]   No soundcards found.
[    0.888582] Freeing unused kernel memory: 1152K (ffffffff81f34000 - ffffffff82054000)
[    0.888584] Write protecting the kernel read-only data: 14336k
[    0.889033] Freeing unused kernel memory: 1012K (ffff880001903000 - ffff880001a00000)
[    0.890970] Freeing unused kernel memory: 1288K (ffff880001cbe000 - ffff880001e00000)
[    0.908056] random: systemd-udevd: uninitialized urandom read (16 bytes read)
[    0.908105] random: systemd-udevd: uninitialized urandom read (16 bytes read)
[    0.908113] random: systemd-udevd: uninitialized urandom read (16 bytes read)
[    0.909020] random: udevadm: uninitialized urandom read (16 bytes read)
[    0.909046] random: udevadm: uninitialized urandom read (16 bytes read)
[    0.909436] random: udevadm: uninitialized urandom read (16 bytes read)
[    0.909447] random: udevadm: uninitialized urandom read (16 bytes read)
[    0.909479] random: udevadm: uninitialized urandom read (16 bytes read)
[    0.909490] random: udevadm: uninitialized urandom read (16 bytes read)
[    0.909657] random: udevadm: uninitialized urandom read (16 bytes read)
[    0.922433] udevadm (992) used greatest stack depth: 13944 bytes left
[    0.927604] e1000 0000:00:03.0 enp0s3: renamed from eth0
[    0.975085] ata_id (1008) used greatest stack depth: 13160 bytes left
[    1.004227] PM: Starting manual resume from disk
[    1.004230] PM: Hibernation image partition 8:5 present
[    1.004232] PM: Looking for hibernation image.
[    1.005545] PM: Image not found (code -22)
[    1.005547] PM: Hibernation image not present or could not be loaded.
[    1.064677] EXT4-fs (sda1): mounted filesystem with ordered data mode. Opts: (null)
[    1.099081] random: fast init done
[    1.102504] input: ImExPS/2 Generic Explorer Mouse as /devices/platform/i8042/serio1/input/input5
[    1.250934] usb 1-1: new full-speed USB device number 2 using ohci-pci
[    1.431485] tsc: Refined TSC clocksource calibration: 2200.003 MHz
[    1.431510] clocksource: tsc: mask: 0xffffffffffffffff max_cycles: 0x1fb635b3e9e, max_idle_ns: 440795280529 ns
[    1.589619] usb 1-1: New USB device found, idVendor=80ee, idProduct=0021
[    1.589624] usb 1-1: New USB device strings: Mfr=1, Product=3, SerialNumber=0
[    1.589628] usb 1-1: Product: USB Tablet
[    1.589631] usb 1-1: Manufacturer: VirtualBox
[    1.609757] input: VirtualBox USB Tablet as /devices/pci0000:00/0000:00:06.0/usb1/1-1/1-1:1.0/0003:80EE:0021.0001/input/input6
[    1.610912] hid-generic 0003:80EE:0021.0001: input,hidraw0: USB HID v1.10 Mouse [VirtualBox USB Tablet] on usb-0000:00:06.0-1/input0
[    2.440529] clocksource: Switched to clocksource tsc
[   31.400565] systemd[1]: systemd 232 running in system mode. (+PAM +AUDIT +SELINUX +IMA +APPARMOR +SMACK +SYSVINIT +UTMP +LIBCRYPTSETUP +GCRYPT +GNUTLS +ACL +XZ +LZ4 +SECCOMP +BLKID +ELFUTILS +KMOD +IDN)
[   31.400606] systemd[1]: Detected virtualization oracle.
[   31.400610] systemd[1]: Detected architecture x86-64.
[   31.401975] systemd[1]: Set hostname to <debian>.
[   32.553149] systemd[1]: Started Dispatch Password Requests to Console Directory Watch.
[   32.553191] systemd[1]: Started Forward Password Requests to Wall Directory Watch.
[   32.553208] systemd[1]: Reached target Encrypted Volumes.
[   32.553254] systemd[1]: Listening on udev Control Socket.
[   32.553286] systemd[1]: Listening on /dev/initctl Compatibility Named Pipe.
[   32.553302] systemd[1]: Reached target Remote File Systems.
[   33.456866] EXT4-fs (sda1): re-mounted. Opts: errors=remount-ro
[   33.526138] random: crng init done
[   33.622233] systemd-journald[1064]: Received request to flush runtime journal from PID 1
[   33.624758] journalctl (1080) used greatest stack depth: 13032 bytes left
[   33.915345] vboxvideo: loading out-of-tree module taints kernel.
[   33.934990] vgdrvHeartbeatInit: Setting up heartbeat to trigger every 2000 milliseconds
[   33.944024] input: Unspecified device as /devices/pci0000:00/0000:00:04.0/input/input7
[   33.945093] vboxguest: misc device minor 57, IRQ 20, I/O port d020, MMIO at 00000000f0400000 (size 0x400000)
[   33.945105] vboxguest: Successfully loaded version 5.2.16 (interface 0x00010004)
[   33.960355] [drm] VRAM 01700000
[   33.961349] [TTM] Zone  kernel: Available graphics memory: 1024698 kiB
[   33.961351] [TTM] Initializing pool allocator
[   33.961356] [TTM] Initializing DMA pool allocator
[   33.963659] fbcon: vboxdrmfb (fb0) is primary device
[   33.973001] Console: switching to colour frame buffer device 100x37
[   33.974223] vboxvideo 0000:00:02.0: fb0: vboxdrmfb frame buffer device
[   33.978868] [drm] Initialized vboxvideo 1.0.0 20130823 for 0000:00:02.0 on minor 0
[   34.289651] Adding 2095100k swap on /dev/sda5.  Priority:-1 extents:1 across:2095100k 
[   34.451830] systemd-udevd (1110) used greatest stack depth: 12656 bytes left
[   34.529857] vboxsf: Successfully loaded version 5.2.16 (interface 0x00010004)
[   34.591229] IPv6: ADDRCONF(NETDEV_UP): enp0s3: link is not ready
[   34.592699] e1000: enp0s3 NIC Link is Up 1000 Mbps Full Duplex, Flow Control: RX
[   34.592973] IPv6: ADDRCONF(NETDEV_CHANGE): enp0s3: link becomes ready
[   35.015602] VBoxService 5.2.16 r123759 (verbosity: 0) linux.amd64 (Jul 16 2018 17:06:52) release log
               00:00:00.000190 main     Log opened 2020-02-28T20:53:39.912740000Z
[   35.015659] 00:00:00.000293 main     OS Product: Linux
[   35.015699] 00:00:00.000338 main     OS Release: 4.9.0AZACCARI+
[   35.015739] 00:00:00.000377 main     OS Version: #3 SMP Fri Feb 28 15:52:30 EST 2020
[   35.015799] 00:00:00.000417 main     Executable: /opt/VBoxGuestAdditions-5.2.16/sbin/VBoxService
               00:00:00.000419 main     Process ID: 1378
               00:00:00.000420 main     Package type: LINUX_64BITS_GENERIC
[   35.017391] 00:00:00.001989 main     5.2.16 r123759 started. Verbose level = 0
[   68.516321] hrtimer: interrupt took 4597950 ns
